     1                                  bits 32 ; assembling for the 32 bits architecture
     2                                  
     3                                  ; declare the EntryPoint (a label defining the very first instruction of the program)
     4                                  global start        
     5                                  
     6                                  ; declare external functions needed by our program
     7                                  extern exit               ; tell nasm that exit exists even if we won't be defining it
     8                                  import exit msvcrt.dll    ; exit is a function that ends the calling process. It is defined in msvcrt.dll
     9                                                            ; msvcrt.dll contains exit, printf and all the other important C-runtime specific functions
    10                                  extern printf
    11                                  import printf msvcrt.dll
    12                                  ; our data is declared here (the variables needed by our program)
    13                                  segment data use32 class=data
    14 00000000 FB                          a db -5
    15                                      ; ...
    16                                  
    17                                  ; our code starts here
    18                                  segment code use32 class=code
    19                                      start:
    20                                          movsx dword[a], al
    20          ******************       error: invalid combination of opcode and operands
    21 00000000 6A00                            push    dword 0      ; push the parameter for exit onto the stack
    22 00000002 FF15[00000000]                  call    [exit]       ; call exit to terminate the program
